\BOOKMARK [1][-]{section.1}{\376\377\000C\000e\000l\000\040\000i\000\040\000z\000a\000k\000r\000e\000s\000\040\000p\000r\000a\000c\000y}{}% 1
\BOOKMARK [2][-]{subsection.1.1}{\376\377\000H\000i\000p\000o\000t\000e\000z\000a\000\040\000b\000a\000d\000a\000w\000c\000z\000a}{section.1}% 2
\BOOKMARK [1][-]{section.2}{\376\377\000O\000p\000i\000s\000\040\000w\000y\000b\000r\000a\000n\000y\000c\000h\000\040\000s\000y\000s\000t\000e\000m\000\363\000w\000\040\000z\000a\000r\000z\001\005\000d\000z\000a\000n\000i\000a\000\040\000b\000a\000z\000a\000m\000i\000\040\000d\000a\000n\000y\000c\000h}{}% 3
\BOOKMARK [2][-]{subsection.2.1}{\376\377\000P\000o\000s\000t\000g\000r\000e\000S\000Q\000L\000\040\0001\0006}{section.2}% 4
\BOOKMARK [2][-]{subsection.2.2}{\376\377\000M\000y\000S\000Q\000L\000\040\0008\000.\0000}{section.2}% 5
\BOOKMARK [2][-]{subsection.2.3}{\376\377\000M\000o\000n\000g\000o\000D\000B\000\040\0007}{section.2}% 6
\BOOKMARK [2][-]{subsection.2.4}{\376\377\000R\000e\000d\000i\000s\000\040\0007}{section.2}% 7
\BOOKMARK [1][-]{section.3}{\376\377\000O\000p\000i\000s\000\040\000z\000b\000i\000o\000r\000u\000\040\000d\000a\000n\000y\000c\000h}{}% 8
\BOOKMARK [2][-]{subsection.3.1}{\376\377\000M\000o\000d\000e\000l\000e\000\040\000d\000a\000n\000y\000c\000h\000\040\000w\000\040\000s\000y\000s\000t\000e\000m\000a\000c\000h\000\040\000n\000i\000e\000r\000e\000l\000a\000c\000y\000j\000n\000y\000c\000h}{section.3}% 9
\BOOKMARK [2][-]{subsection.3.2}{\376\377\000S\000k\000a\000l\000e\000\040\000d\000a\000n\000y\000c\000h\000\040\000t\000e\000s\000t\000o\000w\000y\000c\000h}{section.3}% 10
\BOOKMARK [1][-]{section.4}{\376\377\000O\000p\000i\000s\000\040\000a\000p\000l\000i\000k\000a\000c\000j\000i\000\040\000t\000e\000s\000t\000o\000w\000e\000j}{}% 11
\BOOKMARK [2][-]{subsection.4.1}{\376\377\000W\000y\000m\000a\000g\000a\000n\000i\000a}{section.4}% 12
\BOOKMARK [2][-]{subsection.4.2}{\376\377\000W\000y\000k\000o\000r\000z\000y\000s\000t\000a\000n\000e\000\040\000t\000e\000c\000h\000n\000o\000l\000o\000g\000i\000e\000\040\000i\000\040\000n\000a\000r\000z\001\031\000d\000z\000i\000a}{section.4}% 13
\BOOKMARK [2][-]{subsection.4.3}{\376\377\000S\000t\000r\000u\000k\000t\000u\000r\000a\000\040\000p\000r\000o\000j\000e\000k\000t\000u\000\040\000i\000\040\000o\000p\000i\000s\000\040\000d\000z\000i\000a\001\102\000a\000n\000i\000a}{section.4}% 14
\BOOKMARK [1][-]{section.5}{\376\377\000O\000p\000i\000s\000\040\000s\000c\000e\000n\000a\000r\000i\000u\000s\000z\000y\000\040\000t\000e\000s\000t\000o\000w\000y\000c\000h}{}% 15
\BOOKMARK [1][-]{section.6}{\376\377\000M\000e\000t\000o\000d\000y\000k\000a\000\040\000p\000o\000m\000i\000a\000r\000u}{}% 16
\BOOKMARK [2][-]{subsection.6.1}{\376\377\000S\000c\000h\000e\000m\000a\000t\000\040\000p\000o\000m\000i\000a\000r\000u}{section.6}% 17
\BOOKMARK [2][-]{subsection.6.2}{\376\377\001\132\000r\000o\000d\000o\000w\000i\000s\000k\000o\000\040\000t\000e\000s\000t\000o\000w\000e}{section.6}% 18
\BOOKMARK [2][-]{subsection.6.3}{\376\377\000O\000g\000r\000a\000n\000i\000c\000z\000e\000n\000i\000a\000\040\000i\000\040\000z\000a\000s\000t\000r\000z\000e\001\174\000e\000n\000i\000a\000\040\000i\000n\000t\000e\000r\000p\000r\000e\000t\000a\000c\000y\000j\000n\000e}{section.6}% 19
\BOOKMARK [1][-]{section.7}{\376\377\000W\000y\000n\000i\000k\000i\000\040\000t\000e\000s\000t\000\363\000w\000\040\000w\000y\000d\000a\000j\000n\000o\001\133\000c\000i\000o\000w\000y\000c\000h}{}% 20
\BOOKMARK [2][-]{subsection.7.1}{\376\377\000O\000p\000e\000r\000a\000c\000j\000a\000\040\000w\000s\000t\000a\000w\000i\000a\000n\000i\000a\000\040\000d\000a\000n\000y\000c\000h}{section.7}% 21
\BOOKMARK [2][-]{subsection.7.2}{\376\377\000O\000p\000e\000r\000a\000c\000j\000a\000\040\000o\000d\000c\000z\000y\000t\000u\000\040\000d\000a\000n\000y\000c\000h}{section.7}% 22
\BOOKMARK [2][-]{subsection.7.3}{\376\377\000O\000p\000e\000r\000a\000c\000j\000a\000\040\000a\000k\000t\000u\000a\000l\000i\000z\000a\000c\000j\000i\000\040\000d\000a\000n\000y\000c\000h}{section.7}% 23
\BOOKMARK [2][-]{subsection.7.4}{\376\377\000O\000p\000e\000r\000a\000c\000j\000a\000\040\000u\000s\000u\000w\000a\000n\000i\000a\000\040\000d\000a\000n\000y\000c\000h}{section.7}% 24
\BOOKMARK [1][-]{section.8}{\376\377\000A\000n\000a\000l\000i\000z\000a\000\040\000i\000n\000d\000e\000k\000s\000\363\000w}{}% 25
\BOOKMARK [2][-]{subsection.8.1}{\376\377\000Z\000a\000s\000t\000o\000s\000o\000w\000a\000n\000e\000\040\000i\000n\000d\000e\000k\000s\000y}{section.8}% 26
\BOOKMARK [2][-]{subsection.8.2}{\376\377\000A\000n\000a\000l\000i\000z\000a\000\040\000p\000l\000a\000n\000\363\000w\000\040\000w\000y\000k\000o\000n\000a\000n\000i\000a\000\040\000z\000a\000p\000y\000t\000a\001\104}{section.8}% 27
\BOOKMARK [3][-]{subsubsection.8.2.1}{\376\377\000P\000o\000s\000t\000g\000r\000e\000S\000Q\000L\000\040\040\023\000\040\000p\000o\000b\000r\000a\000n\000i\000e\000\040\000d\000i\000a\000g\000n\000o\000z\000\040\000w\000i\000z\000y\000t\000y\000\040\000\050\0001\0000\000M\000,\000\040\000z\001\102\001\005\000c\000z\000e\000n\000i\000e\000\040\000p\000o\000\040\000k\000l\000u\000c\000z\000u\000\040\000o\000b\000c\000y\000m\000\051}{subsection.8.2}% 28
\BOOKMARK [3][-]{subsubsection.8.2.2}{\376\377\000P\000o\000s\000t\000g\000r\000e\000S\000Q\000L\000\040\040\023\000\040\000w\000y\000l\000i\000c\000z\000e\000n\000i\000e\000\040\000s\000u\000m\000y\000\040\000k\000o\000s\000z\000t\000\363\000w\000\040\000u\000s\001\102\000u\000g\000\040\000\050\0005\0000\0000\000k\000,\000\040\000k\000o\000n\000t\000r\000o\000l\000n\000a\000\040\000a\000n\000a\000l\000i\000z\000a\000\040\000p\000l\000a\000n\000u\000\051}{subsection.8.2}% 29
\BOOKMARK [3][-]{subsubsection.8.2.3}{\376\377\000P\000o\000s\000t\000g\000r\000e\000S\000Q\000L\000\040\040\023\000\040\000z\000m\000i\000a\000n\000a\000\040\000c\000e\000n\000y\000\040\000w\000y\000k\000o\000n\000a\000n\000e\000j\000\040\000u\000s\001\102\000u\000g\000i\000\040\000\050\000a\000k\000t\000u\000a\000l\000i\000z\000a\000c\000j\000a\000\040\000p\000o\000\040\000k\000l\000u\000c\000z\000u\000\040\000o\000b\000c\000y\000m\000\051}{subsection.8.2}% 30
\BOOKMARK [3][-]{subsubsection.8.2.4}{\376\377\000M\000y\000S\000Q\000L\000\040\0008\000.\0000\000\040\040\023\000\040\000p\000o\000b\000r\000a\000n\000i\000e\000\040\000d\000i\000a\000g\000n\000o\000z\000\040\000w\000i\000z\000y\000t\000y}{subsection.8.2}% 31
\BOOKMARK [3][-]{subsubsection.8.2.5}{\376\377\000M\000o\000n\000g\000o\000D\000B\000\040\040\023\000\040\000p\000o\000b\000r\000a\000n\000i\000e\000\040\000w\000i\000z\000y\000t\000\040\000p\000a\000c\000j\000e\000n\000t\000a\000\040\000z\000\040\000l\000e\000k\000a\000r\000z\000e\000m\000\040\000\050\000k\000o\000l\000e\000k\000c\000j\000a\000\040\000w\000i\000z\000y\000t\000\040\0002\000M\000\040\000d\000o\000k\000.\000\051}{subsection.8.2}% 32
\BOOKMARK [3][-]{subsubsection.8.2.6}{\376\377\000W\000n\000i\000o\000s\000k\000i\000\040\000p\000o\000r\000\363\000w\000n\000a\000w\000c\000z\000e}{subsection.8.2}% 33
\BOOKMARK [1][-]{section.9}{\376\377\000W\000e\000r\000y\000f\000i\000k\000a\000c\000j\000a\000\040\000h\000i\000p\000o\000t\000e\000z\000y\000\040\000b\000a\000d\000a\000w\000c\000z\000e\000j}{}% 34
\BOOKMARK [2][-]{subsection.9.1}{\376\377\000P\000r\000z\000y\000s\000p\000i\000e\000s\000z\000e\000n\000i\000e\000\040\000o\000d\000c\000z\000y\000t\000u\000\040\000\050\000S\000\040\000o\000d\000c\000z\000y\000t\000\051\000\040\040\023\000\040\000t\000r\000e\000n\000d\000\040\000z\000e\000\040\000s\000k\000a\000l\001\005}{section.9}% 35
\BOOKMARK [2][-]{subsection.9.2}{\376\377\000S\000p\000o\000w\000o\000l\000n\000i\000e\000n\000i\000e\000\040\000z\000a\000p\000i\000s\000u\000\040\000\050\000K\000\040\000z\000a\000p\000i\000s\000\051\000\040\040\023\000\040\000t\000r\000e\000n\000d\000\040\000z\000e\000\040\000s\000k\000a\000l\001\005}{section.9}% 36
\BOOKMARK [2][-]{subsection.9.3}{\376\377\000W\000n\000i\000o\000s\000k\000i\000\040\000d\000o\000t\000y\000c\000z\001\005\000c\000e\000\040\000h\000i\000p\000o\000t\000e\000z\000y}{section.9}% 37
\BOOKMARK [1][-]{section.10}{\376\377\000P\000o\000d\000s\000u\000m\000o\000w\000a\000n\000i\000e\000\040\000i\000\040\000w\000n\000i\000o\000s\000k\000i}{}% 38
